// Jest Snapshot v1, https://goo.gl/fbAQLP

exports[`ArtistQuestionScreen should render ArtistQuestionScreen correctly 1`] = `
<section
  className="game__screen"
>
  <h2
    className="game__title"
  >
    Кто исполняет эту песню?
  </h2>
  <div
    className="game__track"
  >
    <div
      className="track"
    />
  </div>
  <form
    className="game__artist"
  >
    <div
      className="artist"
    >
      <input
        className="artist__input visually-hidden"
        id="answer-0"
        name="answer"
        onChange={[Function]}
        type="radio"
        value="artist-0"
      />
      <label
        className="artist__name"
        htmlFor="answer-0"
      >
        <img
          alt="Rita Ora"
          className="artist__picture"
          src="https://res.cloudinary.com/df6cuiopc/image/upload/v1581416516/avatars/artist-01.jpg"
        />
        Rita Ora
      </label>
    </div>
    <div
      className="artist"
    >
      <input
        className="artist__input visually-hidden"
        id="answer-1"
        name="answer"
        onChange={[Function]}
        type="radio"
        value="artist-1"
      />
      <label
        className="artist__name"
        htmlFor="answer-1"
      >
        <img
          alt="Rihanna"
          className="artist__picture"
          src="https://res.cloudinary.com/df6cuiopc/image/upload/v1581416516/avatars/artist-02.jpg"
        />
        Rihanna
      </label>
    </div>
    <div
      className="artist"
    >
      <input
        className="artist__input visually-hidden"
        id="answer-2"
        name="answer"
        onChange={[Function]}
        type="radio"
        value="artist-2"
      />
      <label
        className="artist__name"
        htmlFor="answer-2"
      >
        <img
          alt="Beyonce"
          className="artist__picture"
          src="https://res.cloudinary.com/df6cuiopc/image/upload/v1581416516/avatars/artist-03.jpg"
        />
        Beyonce
      </label>
    </div>
  </form>
</section>
`;
